* using log directory 'C:/Users/emili/Dropbox/Bayes Business School/PhD/Research/Projects/PDF and CDF Estimation/R package/ddfs/ddfs.Rcheck'
* using R version 4.5.0 (2025-04-11 ucrt)
* using platform: x86_64-w64-mingw32
* R was compiled by
    gcc.exe (GCC) 14.2.0
    GNU Fortran (GCC) 14.2.0
* running under: Windows 11 x64 (build 26200)
* using session charset: ASCII
* using option '--no-manual'
* checking for file 'ddfs/DESCRIPTION' ... OK
* checking extension type ... Package
* this is package 'ddfs' version '0.1.0'
* package encoding: UTF-8
* checking package namespace information ... OK
* checking package dependencies ... INFO
Package suggested but not available for checking: 'testthat'
* checking if this is a source package ... OK
* checking if there is a namespace ... OK
* checking for executable files ... OK
* checking for hidden files and directories ... OK
* checking for portable file names ... OK
* checking whether package 'ddfs' can be installed ... ERROR
Installation failed.
See 'C:/Users/emili/Dropbox/Bayes Business School/PhD/Research/Projects/PDF and CDF Estimation/R package/ddfs/ddfs.Rcheck/00install.out' for details.
* DONE
Status: 1 ERROR
